[   0.000000] Initializing cgroup subsys cpus
[    0.000000] Initializing cgroup subsys cpu
[    0.000000] Initializing cgroup subsys cpuacct
[    0.000000] Linux version 4.4.0-139-generic (buildd@lcy01-amd64-006) (gcc version 5.4.0 20160609 (Ubuntu 5.4.0-6ubuntu1~16.04.10) ) #165-Ubuntu SMP Wed Oct 24 10:58:50 UTC 2018 (Ubtu 4.4.0-139.165-generic 4.4.160)
[    0.000000] Command line: BOOT_IMAGE=/boot/vmlinuz-4.4.0-139-generic root=LABEL=cloudimg-rootfs ro console=tty1 console=ttyS0
    0.000000] KERNEL supported cpus:
[    0.000000]   Intel GenuineIntel
[    0.000000]   AMD AuthenticAMD
[    0.000000]   Centaur CentaurHauls
[    0.000000] x86/fpu: xstate_offset[2]:  576, xstate_sizes[2]:  256
[    0.000000] x86/fpu: Supporting XSAVE feature 0x01: '87 floating point registers'
[    0.000000] x86/fpu: Supporting XSAVE feature 0x02: 'SSE registers'
[    0.000000] x86/fpu: Supporting XSAVE feature 0x04: 'AVX registers'
[    0.000000] x86/fpu: Enabled xstate features 0x7, context size is 832 bytes, using 'standard' format.
[    0.000000] e820: BIOS-provided physical RAM map:
[    0.000000] BIOS-e820: [mem 0x0000000000000000-0x000000000009fbff] usable
[    0.000000] BIOS-e820: [mem 0x000000000009fc00-0x000000000009ffff] reserved
[    0.000000] BIOS-e820: [mem 0x00000000000f0000-0x00000000000fffff] reserved
[    0.000000] BIOS-e820: [mem 0x0000000000100000-0x000000003ffeffff] usable
[    0.000000] BIOS-e820: [mem 0x000000003fff0000-0x000000003fffffff] ACPI data
[    0.000000] BIOS-e820: [mem 0x00000000fec00000-0x00000000fec00fff] reserved
[    0.000000] BIOS-e820: [mem 0x00000000fee00000-0x00000000fee00fff] reserved
[    0.000000] BIOS-e820: [mem 0x00000000fffc0000-0x00000000ffffffff] reserved
[    0.000000] NX (Execute Disable) protection: active
[    0.000000] SMBIOS 2.5 present.
[    0.00000] Hypervisor detected: KVM
[    0.000000] e820: last_pfn = 0x3fff0 max_arch_pfn = 0x400000000
[    0.000000] MTRR: Disabled
[    0.000000] x86/PAT: MTRRs disabled, skipping PAT initialization too.
[    0.000000] CPU MTRRs all blank - virtualized system.
[    0.000000] x86/PAT: Configuration [0-7]: WB  WT  UC- UC  WB  WT  UC- UC  
[    0.000000] found SMP MP-table at [mem 0x0009fff0-0x0009ffff] mapped at [ffff88000009fff0]
[    0.000000] Scannng 1 areas for low memory corruption
[    0.000000] RAMDISK: [mem 0x3630a000-0x3717cfff]
[    0.000000] ACPI: Early table checksum verification disabled
[    0.000000] ACPI: RSDP 0x00000000000E0000 000024 (v02 VBOX  )
[    0.000000] ACPI: XSDT 0x000000003FFF0030 00003C (v01 VBOX   VBOXXSDT 00000001 ASL  00000061)
[    0.000000] ACPI: FACP 0x000000003FFF00F0 0000F4 (v04 VBOX   VBOXFACP 00000001 ASL  00000061)
[    0.000000] ACPI: DSDT 0x000000003FFF0470 0021FF (v02 VBOX   VBOXBIOS 00000002 INTL 20100528)
[    0.000000] ACPI: FACS 0x00000003FFF0200 000040
[    0.000000] ACPI: FACS 0x000000003FFF0200 000040
[    0.000000] ACPI: APIC 0x000000003FFF0240 00005C (v02 VBOX   VBOXAPIC 00000001 ASL  00000061)
[    0.000000] ACPI: SSDT 0x000000003FFF02A0 0001CC (v01 VBOX   VBOXCPUT 00000002 INTL 20100528)
[    0.000000] No NUMA configuration found
[    0.000000] Faking a node at [mem 0x0000000000000000-0x000000003ffeffff]
[    0.000000] NODE_DATA(0) allocated [mem 0x3ffeb000-0x3ffeffff]
[    0.000000] k-clock: Using msrs 4b564d01 and 4b564d00
[    0.000000] kvm-clock: cpu 0, msr 0:3ffe3001, primary cpu clock
[    0.000000] kvm-clock: using sched offset of 4120345146 cycles
    0.000000] clocksource: kvm-clock: mask: 0xffffffffffffffff max_cycles: 0x1cd42e4dffb, max_idle_ns: 881590591483 ns
[    0.000000] Zone ranges:
[    0.000000]   DMA      [mem 0x0000000000001000-0x0000000000ffffff]
[    0.000000]   DMA32    [mem 0x0000000001000000-0x000000003ffeffff]
[    0.000000]   Normal   empty
[    0.000000]   Device   empty
[    0.000000] Movable zone start for each node
[    0.000000] Early memory node ranges
[    0.000000]   node   0: [mem 0x0000000000001000-0x000000000009efff]
[    0.000000]   node   0: [mem 0x0000000000100000-0x000000003ffeffff]
[    0.000000] Initmem setup node 0 [mem 0x0000000000001000-0x000000003ffeffff]
[    0.000000] ACPI: PM-Timer IO Port: 0x4008
[    0.000000] IOAPIC[0]: apic_id 2, version 32, address 0xfec00000, GSI 0-23
[    0.000000] ACPI: INT_SRC_OVR (bus 0 bus_irq 0 global_irq 2 dfl dfl)
[    0.000000] ACPI: INT_SRC_OVR (bus 0 bus_irq 9 global_irq 9 low level)
[    0.000000] Using ACPI (MADT) for SMP configuration information
[    0.000000] smpboot: Allowing 2 CPUs, 0 hotplug CPUs
[    0.000000] PM: Registered nosave memory: [mem 0x00000000-0x00000fff]
[    0.000000] PM: Registered nosave memory: [mem 0x0009f000-0x0009ffff]
[    0.000000] PM: Registered nosave memory: [mem 0x000a0000-0x000effff]
[    0.000000] PM: Registered nosave memory: [mem 0x000f0000-0x000fffff]
[    0.000000] e820: [mem 0x40000000-0xfebfffff] available for PCI devices
[    0.000000] Booting paravirtualized kernel on KVM
[    0.000000] clocksource: refined-jiffies: mask: 0xffffffff max_cycles: 0xffffffff, max_idle_ns: 7645519600211568 ns
[    0.000000] setup_percpu: NR_CPUS:512 nr_cpumask_bits:512 nr_cpu_ids:2 nr_node_ids:1
[    0.000000] PERCPU: Embedded 34 pages/cpu @ffff88003fc00000 s99608 r8192 d31464 u1048576
[    0.000000] PV qspinlock hash table entries: 256 (order: 0, 4096 bytes)
[    0.000000] Built 1 zonelists in Node order, mobility grouping on.  Total pages: 257912
[    0.000000] Policy zone: DMA32
[   0.000000] Kernel command line: BOOT_IMAGE=/boot/vmlinuz-4.4.0-139-generic root=LABEL=cloudimg-rootfs ro console=tty1 console=ttyS0
[    0.000000] PID hash table entries: 4096 (order: 3, 32768 bytes)
[    0.000000] Memory: 997708K/1048120K available (8564K kernel code, 1314K rwdata, 4004K rodata, 1528K init, 1316K bss, 50412K reserved, 0K cma-reserved)
[    0.000000] SLUB: HWalign=64, Order=0-3, MinObjects=0, CPUs=2, Nodes=1
[    0.000000] Kernel/User page tables isolation: enabled
[    0.000000] Hierarchical RCU implementation.
[    0.000000] 	Build-time adjustment of leaf fanout to 64.
[    0.000000] 	RCU restricting CPUs from NR_CPUS=512 to nr_cpu_ids=2.
[    0.000000] RCU: Adjusting geometry for rcu_fout_leaf=64, nr_cpu_ids=2
[    0.000000] NR_IRQS:33024 nr_irqs:440 16
[    0.000000] Console: colour VGA+ 80x25
[    0.000000] console [tty1] enabled
[    0.000000] console [ttyS0] enabled
[    0.0000000] tsc: Detected 2711.998 MHz processor
[    0.675675] Calibrating delay loop (skipped) preset value.. 5423.99 BogoMIPS (lpj=10847992)
[    0.677955] pid_max: default: 32768 minimum: 301
[    0.679206] ACPI: Core revision 20150930
[    0.681430] ACPI: 2 ACPI AML tables successfully acquired and loaded
[    0.683430] Security Framework initialized
[    0.684459] Yama: becoming mindful.
[    0.685472] AppArmor: AppArmor initialized
[    0.686674] Dentry cache hash table entries: 131072 (order: 8, 1048576 bytes)
[    0.693162] Inode-cache hash table entries: 65536 (order: 7, 524288 bytes)
[    0.694913] Mount-cache hash table entries: 2048 (order: 2, 16384 bytes)
[    0.696511] Mountpoint-cache hash table entries: 2048 (order: 2, 16384 bytes)
[    0.698481] Initializing cgroup subsys io
[    0.699659] Initializing cgroup subsys memory
[    0.701105] Initializing cgroup subsys devices
[    0.702435] Initializing cgroup subsys freezer
[    0.703892] Initializing cgroup subsys net_cls
[    0.705216] Initializing cgroup subsys perf_event
[    0.706745] Initializing cgroup subsys net_prio
[    0.715076] Initializing cgroup subsys hugetlb
[    0.716456] Initializing cgroup subsys pids
[    0.719751] mce: CPU supports 0 MCE banks
[    0.734689] Last level iTLB entries: 4KB 64, 2MB 8, 4MB 8
[    0.736315] Last level dTLB entries: 4KB 64, 2MB 0, 4MB 0, 1GB 4
[    0.737795] Spectre V2 : Mitigation: Full generic retpoline
[    0.739384] Spectre V2 : Spectre v2 mitigation: Speculation control IBPB not-supported IBRS not-supported
[    0.741685] Spectre V2 : Spectre v2 / SpectreRSB mitigation: Filling RSB on context switch
[    0.745033] Speculative Store Bypass: Vulnerable
[    0.751046] Freeing SMP alternatives memory: 32K
[    0.766334] ftrace: allocating 32278 entries in 127 pages
[    0.845070] smpboot: APIC(0) Converting physical 0 to logical package 0
[    0.847541] smpboot: Max logical packages: 1
[    0.849467] x2apic enabled
[    0.853784] Switched APIC routing to physical x2apic.
[    0.857514] ..TIMER: vector=0x30 apic1=0 pin1=2 apic2=-1 pin2=-1
[    0.964907] smpboot: CPU0: Intel(R) Core(TM) i5-7200U CPU @ 2.50GHz (family: 0x6, model: 0x8e, stepping: 0x9)
[    0.971018] Performance Events: unsupported p6 CPU model 142 no PMU driver, software events only.
[    0.974132] KVM setup paravirtual spinlock
[    0.976415] x86: Booting SMP configuration:
[    0.977828] .... node  #0, CPUs:      #1
[    0.979220] kvm-clock: cpu 1, msr 0:3ffe3041, secondary cpu clock
[    0.981752] mce: CPU supports 0 MCE banks
[    0.984690] x86: Booted up 1 node, 2 CPUs
[    0.986247] smpboot: Total of 2 processors activated (10847.99 BogoMIPS)
[    0.988616] devtmpfs: initialized
[    0.991591] evm: security.selinux
[    0.992821] evm: security.SMACK64
[    0.994052] evm: security.SMACK64EXEC
[    0.995580] evm: security.SMACK64TRANSMUTE
[    0.997268] evm: security.SMACK64MMAP
[    0.998683] evm: security.ima
[    0.999862] evm: security.capability
[    1.001674] clocksource: jiffies: mask: 0xffffffff max_cycles: 0xffffffff, max_idle_ns: 7645041785100000 ns
[    1.005324] futex hash table entries: 512 (order: 3, 32768 bytes)
[    1.007753] pinctrl core: initialized pinctrl subsystem
[    1.009851] RTC time: 11:43:10, date: 01/04/19
[    1.011799] NET: Registered protocol family 16
[    1.025423] cpuidle: using governor ladder
[    1.038107] cpuidle: using governor menu
[    1.039626] PCCT header not found.
[    1.040838] ACPI: bus type PCI registered
[    1.042165] acpiphp: ACPI Hot Plug PCI Controller Driver version: 0.5
[    1.044072] PCI: Using configuration type 1 for base access
[    1.058367] ACPI: Added _OSI(Module Device)
[    1.059662] ACPI: Added _OSI(Processor Device)
[    1.061034] ACPI: Added _OSI(3.0 _SCP Extensions)
[    1.062512] ACPI: Added _OSI(Processor Aggregator Device)
[    1.065308] ACPI: Executed 1 blocks of module-level executable AML code
[    1.071241] ACPI: Interpreter enabled
[    1.072713] ACPI: (supports S0 S5)
[    1.074414] ACPI: Using IOAPIC for interrupt routing
[    1.076135] PCI: Using host bridge windows from ACPI; if necessary, use "pci=nocrs" and report a bug
[    1.084275] ACPI: PCI Root Bridge [PCI0] (domain 0000 [bus 00-ff])
[    1.086149] acpi PNP0A03:00: _OSC: OS supports [ASPM ClockPM Segments MSI]
[    1.088124] acpi PNP0A03:00: _OSC: not requesting OS control; OS requires [ExtendedConfig ASPM ClockPM MSI]
[    1.091108] acpi PNP0A03:00: fail to add MMCONFIG information, can't access extended PCI configuration space under this bridge.
[    1.095464] PCI host bridge to bus 0000:00
[    1.096830] pci_bus 0000:00: root bus resource [io  0x0000-0x0cf7 window]
[    1.098723] pci_bus 0000:00: root bus resource [io  0x0d00-0xffff window]
[    1.100481] pci_bus 0000:00: root bus resource [mem 0x000a0000-0x000bffff window]
[    1.102795] pci_bus 0000:00: root bus resource [mem 0x40000000-0xfdffffff window]
[    1.105398] pci_bus 0000:00: root bus resource [bus 00-ff]
[    1.109983] pci 0000:00:01.1: legacy IDE quirk: reg 0x10: [io  0x01f0-0x01f7]
[    1.111832] pci 0000:00:01.1: legacy IDE quirk: reg 0x14: [io  0x03f6]
[    1.113601] pci 0000:00:01.1: legacy IDE quirk: reg 0x18: [io  0x0170-0x0177]
[    1.115620] pci 0000:00:01.1: legacy IDE quirk: reg 0x1c: [io  0x0376]
[    1.164863] pci 0000:00:07.0: quirk: [io  0x4000-0x403f] claimed by PIIX4 ACPI
[    1.167536] pci 0000:00:07.0: quirk: [io  0x4100-0x410f] claimed by PIIX4 SMB
[    1.190811] ACPI: PCI Interrupt Link [LNKA] (IRQs 5 9 10 *11)
[    1.193660] ACPI: PCI Interrupt Link [LNKB] (IRQs 5 9 *10 11)
[    1.196101] ACPI: PCI Interrupt Link [LNKC] (IRQs 5 *9 10 11)
[    1.198216] ACPI: PCI Interrupt Link [LNKD] (IRQs 5 9 10 *11)
[    1.200776] ACPI: Enabled 2 GPEs in block 00 to 07
[    1.202931] vgaarb: setting as boot device: PCI:0000:00:02.0
[    1.204649] vgaarb: device added: PCI:0000:00:02.0,decodes=io+mem,owns=io+mem,locks=none
[    1.207530] vgaarb: loaded
[    1.208779] vgaarb: bridge control possible 0000:00:02.0
[    1.217779] SCSI subsystem initialized
[    1.219307] ACPI: bus type USB registered
[    1.220912] usbcore: registered new interface driver usbfs
[    1.222837] usbcore: registered new interface driver hub
[    1.224616] usbcore: registered new device driver usb
[    1.230478] PCI: Using ACPI for IRQ routing
[    1.232460] NetLabel: Initializing
[    1.233841] NetLabel:  domain hash size = 128
[    1.235381] NetLabel:  protocols = UNLABELED CIPSOv4
[    1.237094] NetLabel:  unlabeled traffic allowed by default
[    1.239233] amd_nb: Cannot enumerate AMD northbridges
[    1.242336] clocksource: Switched to clocksource kvm-clock
[    1.260170] AppArmor: AppArmor Filesystem Enabled
[    1.262116] pnp: PnP ACPI init
[    1.264593] pnp: PnP ACPI: found 3 devices
[    1.272494] clocksource: acpi_pm: mask: 0xffffff max_cycles: 0xffffff, max_idle_ns: 2085701024 ns
[    1.275669] NET: Registered protocol family 2
[    1.277502] TCP established hash table entries: 8192 (order: 4, 65536 bytes)
[    1.280017] TCP bind hash table entries: 8192 (order: 5, 131072 bytes)
[    1.282308] TCP: Hash tables configured (established 8192 bind 8192)
[    1.284622] UDP hash table entries: 512 (order: 2, 16384 bytes)
[    1.286739] UDP-Lite hash table entries: 512 (order: 2, 16384 bytes)
[    1.289134] NET: Registered protocol family 1
[    1.290837] pci 0000:00:00.0: Limiting direct PCI/PCI transfers
[    1.292992] pci 0000:00:01.0: Activating ISA DMA hang workarounds
[    1.295462] Unpacking initramfs...
[    1.639303] Freeing initrd memory: 14796K
[    1.671097] platform rtc_cmos: registered platform RTC device (no PNP device found)
[    1.706831] Scanning for low memory corruption every 60 seconds
[    1.767872] audit: initializing netlink subsys (disabled)
[    1.830653] audit: type=2000 audit(1546602195.431:1): initialized
[    1.834603] Initialise system trusted keyring
[    1.873152] HugeTLB registered 2 MB page size, pre-allocated 0 pages
[    1.962107] zbud: loaded
[    1.982129] VFS: Disk quotas dquot_6.6.0
[    1.983513] VFS: Dquot-cache hash table entries: 512 (order 0, 4096 bytes)
[    1.985743] squashfs: version 4.0 (2009/01/31) Phillip Lougher
[    1.994500] fuse init (API version 7.23)
[    2.050405] Key type big_key registered
[    2.115110] Allocating IMA MOK and blacklist keyrings.
[    2.162773] Key type asymmetric registered
[    2.197026] Asymmetric key parser 'x509' registered
[    2.217961] Block layer SCSI generic (bsg) driver version 0.4 loaded (major 249)
[    2.220542] io scheduler noop registered
[    2.221845] io scheduler deadline registered (default)
[    2.230372] io scheduler cfq registered
[    2.231812] pci_hotplug: PCI Hot Plug PCI Core version: 0.5
[    2.233534] pciehp: PCI Express Hot Plug Controller Driver version: 0.4
[    2.235885] ACPI: AC Adapter [AC] (off-line)
[    2.237289] input: Power Button as /devices/LNXSYSTM:00/LNXPWRBN:00/input/input0
[    2.240017] ACPI: Power Button [PWRF]
[    2.241747] input: Sleep Button as /devices/LNXSYSTM:00/LNXSLPBN:00/input/input1
[    2.244282] ACPI: Sleep Button [SLPF]
[    2.245664] GHES: HEST is not enabled!
[    2.246593] ACPI: Battery Slot [BAT0] (battery present)
[    2.248759] Serial: 8250/16550 driver, 32 ports, IRQ sharing enabled
[    2.274745] 00:02: ttyS0 at I/O 0x3f8 (irq = 4, base_baud = 115200) is a 16550A
[    2.297819] Linux agpgart interface v0.103
[    2.310060] loop: module loaded
[    2.312384] scsi host0: ata_piix
[    2.313786] scsi host1: ata_piix
[    2.320505] ata1: PATA max UDMA/33 cmd 0x1f0 ctl 0x3f6 bmdma 0xd000 irq 14
[    2.322532] ata2: PATA max UDMA/33 cmd 0x170 ctl 0x376 bmdma 0xd008 irq 15
[    2.341075] libphy: Fixed MDIO Bus: probed
[    2.342632] tun: Universal TUN/TAP device driver, 1.6
[    2.350532] tun: (C) 1999-2004 Max Krasnyansky <maxk@qualcomm.com>
[    2.364946] PPP generic driver version 2.4.2
[    2.366623] ehci_hcd: USB 2.0 'Enhanced' Host Controller (EHCI) Driver
[    2.375605] ehci-pci: EHCI PCI platform driver
[    2.377044] ehci-platform: EHCI generic platform driver
[    2.378603] ohci_hcd: USB 1.1 'Open' Host Controller (OHCI) Driver
[    2.387848] ohci-pci: OHCI PCI platform driver
[    2.389279] ohci-platform: OHCI generic platform driver
[    2.397543] uhci_hcd: USB Universal Host Controller Interface driver
[    2.426757] i8042: PNP: PS/2 Controller [PNP0303:PS2K,PNP0f03:PS2M] at 0x60,0x64 irq 1,12
[    2.440604] serio: i8042 KBD port at 0x60,0x64 irq 1
[    2.449715] serio: i8042 AUX port at 0x60,0x64 irq 12
[    2.456940] mousedev: PS/2 mouse device common for all mice
[    2.459675] input: AT Translated Set 2 keyboard as /devices/platform/i8042/serio0/input/input2
[    2.462794] rtc_cmos rtc_cmos: rtc core: registered rtc_cmos as rtc0
[    2.471486] rtc_cmos rtc_cmos: alarms up to one day, 114 bytes nvram
[    2.475047] i2c /dev entries driver
[    2.476413] device-mapper: uevent: version 1.0.3
[    2.478619] device-mapper: ioctl: 4.34.0-ioctl (2015-10-28) initialised: dm-devel@redhat.com
[    2.481532] ledtrig-cpu: registered to indicate activity on CPUs
[    2.484290] NET: Registered protocol family 10
[    2.485912] NET: Registered protocol family 17
[    2.487537] Key type dns_resolver registered
[    2.489470] registered taskstats version 1
[    2.498420] Loading compiled-in X.509 certificates
[    2.500123] Loaded X.509 cert 'Build time autogenerated kernel key: a88b0f663ecfd40e6a501dee2f0b211d51902e35'
[    2.502661] zswap: loaded using pool lzo/zbud
[    2.505927] Key type trusted registered
[    2.529277] Key type encrypted registered
[    2.530559] AppArmor: AppArmor sha1 policy hashing enabled
[    2.535072] ima: No TPM chip found, activating TPM-bypass!
[    2.536659] ima: Allocated hash algorithm: sha1
[    2.537957] evm: HMAC attrs: 0x1
[    2.539491]   Magic number: 3:119:731
[    2.540808] rtc_cmos rtc_cmos: setting system clock to 2019-01-04 11:43:11 UTC (1546602191)
[    2.543280] BIOS EDD facility v0.16 2004-Jun-25, 0 devices found
[    2.544745] EDD information not available.
[    2.547475] Freeing unused kernel memory: 1528K
[    2.562637] Write protecting the kernel read-only data: 14336k
[    2.565802] Freeing unused kernel memory: 1664K
[    2.571626] Freeing unused kernel memory: 92K
Loading, please wait...
starting version 229
[    2.600260] random: systemd-udevd: uninitialized urandom read (16 bytes read, 3 bits of entropy available)
[    2.601232] random: udevadm: uninitialized urandom read (16 bytes read, 3 bits of entropy available)
[    2.601264] random: udevadm: uninitialized urandom read (16 bytes read, 3 bits of entropy available)
[    2.611672] random: udevadm: uninitialized urandom read (16 bytes read, 3 bits of entropy available)
[    2.611729] random: udevadm: uninitialized urandom read (16 bytes read, 3 bits of entropy available)
[    2.611915] random: udevadm: uninitialized urandom read (16 bytes read, 3 bits of entropy available)
[    2.611982] random: udevadm: uninitialized urandom read (16 bytes read, 3 bits of entropy available)
[    2.612049] random: udevadm: uninitialized urandom read (16 bytes read, 3 bits of entropy available)
[    2.612118] random: udevadm: uninitialized urandom read (16 bytes read, 3 bits of entropy available)
[    2.612185] random: udevadm: uninitialized urandom read (16 bytes read, 3 bits of entropy available)
[    2.670968] tsc: Refined TSC clocksource calibration: 2712.199 MHz
[    2.670971] clocksource: tsc: mask: 0xffffffffffffffff max_cycles: 0x2718429bbb6, max_idle_ns: 440795324750 ns
[    2.733168] Fusion MPT base driver 3.04.20
[    2.740716] Copyright (c) 1999-2008 LSI Corporation
[    2.762849] e1000: Intel(R) PRO/1000 Network Driver - version 7.3.21-k8-NAPI
[    2.781187] e1000: Copyright (c) 1999-2006 Intel Corporation.
[    2.791996] AVX2 version of gcm_enc/dec engaged.
[    2.793589] AES CTR mode by8 optimization enabled
[    2.812444] Fusion MPT SPI Host driver 3.04.20
[    2.955924] input: ImExPS/2 Generic Explorer Mouse as /devices/platform/i8042/serio1/input/input4
[    3.258584] e1000 0000:00:03.0 eth0: (PCI:33MHz:32-bit) 02:98:04:f8:6e:63
[    3.273577] e1000 0000:00:03.0 eth0: Intel(R) PRO/1000 Network Connection
[    3.289193] mptbase: ioc0: Initiating bringup
[    3.351545] ioc0: LSI53C1030 A0: Capabilities={Initiator}
[    3.546693] scsi host2: ioc0: LSI53C1030 A0, FwRev=00000000h, Ports=1, MaxQ=256, IRQ=20
[    3.703247] scsi 2:0:0:0: Direct-Access     VBOX     HARDDISK         1.0  PQ: 0 ANSI: 5
[    3.710860] scsi target2:0:0: Beginning Domain Validation
[    3.726714] scsi target2:0:0: Domain Validation skipping write tests
[    3.736733] scsi target2:0:0: Ending Domain Validation
[    3.745830] scsi target2:0:0: asynchronous
[    3.752758] scsi 2:0:1:0: Direct-Access     VBOX     HARDDISK         1.0  PQ: 0 ANSI: 5
[    3.757653] scsi target2:0:1: Beginning Domain Validation
[    3.764328] scsi target2:0:1: Domain Validation skipping write tests
[    3.782107] scsi target2:0:1: Ending Domain Validation
[    3.783766] scsi target2:0:1: asynchronous
[    3.806952] sd 2:0:0:0: Attached scsi generic sg0 type 0
[    3.808419] sd 2:0:0:0: [sda] 20971520 512-byte logical blocks: (10.7 GB/10.0 GiB)
[    3.811311] sd 2:0:1:0: [sdb] 20480 512-byte logical blocks: (10.5 MB/10.0 MiB)
[    3.813365] sd 2:0:1:0: Attached scsi generic sg1 type 0
[    3.815028] sd 2:0:0:0: [sda] Write Protect is off
[    3.816276] sd 2:0:1:0: [sdb] Write Protect is off
[    3.823031] sd 2:0:0:0: [sda] Incomplete mode parameter data
[    3.824533] sd 2:0:0:0: [sda] Assuming drive cache: write through
[    3.826187] sd 2:0:1:0: [sdb] Incomplete mode parameter data
[    3.827893] sd 2:0:1:0: [sdb] Assuming drive cache: write through
[    3.837565]  sda: sda1
[    3.839385] sd 2:0:0:0: [sda] Attached SCSI disk
[    3.841893] sd 2:0:1:0: [sdb] Attached SCSI disk
[    4.140337] e1000 0000:00:08.0 eth1: (PCI:33MHz:32-bit) 08:00:27:7b:42:8e
[    4.180225] e1000 0000:00:08.0 eth1: Intel(R) PRO/1000 Network Connection
[    4.213803] e1000 0000:00:08.0 enp0s8: renamed from eth1
[    4.227628] e1000 0000:00:03.0 enp0s3: renamed from eth0
Begin: Loading essential drivers[    5.824164] md: linear personality registered for level -1
 ... [    5.885983] md: multipath personality registered for level -4
[    5.937820] md: raid0 personality registered for level 0
[    5.943681] md: raid1 personality registered for level 1
[    6.018390] raid6: sse2x1   gen()  7220 MB/s
[    6.130811] raid6: sse2x1   xor()  5839 MB/s
[    6.242892] raid6: sse2x2   gen()  4069 MB/s
[    6.310405] raid6: sse2x2   xor()  3625 MB/s
[    6.386396] raid6: sse2x4   gen()  8148 MB/s
[    6.454602] raid6: sse2x4   xor()  6021 MB/s
[    6.542513] raid6: avx2x1   gen() 14955 MB/s
[    6.658386] raid6: avx2x2   gen() 11191 MB/s
[    6.734397] raid6: avx2x4   gen() 10348 MB/s
[    6.740179] raid6: using algorithm avx2x1 gen() 14955 MB/s
[    6.813883] raid6: using avx2x2 recovery algorithm
[    6.891463] xor: automatically using best checksumming function:
[    6.978496]    avx       : 11928.000 MB/sec
[    7.014906] async_tx: api initialized (async)
[    7.037820] md: raid6 personality registered for level 6
[    7.041820] md: raid5 personality registered for level 5
[    7.045947] md: raid4 personality registered for level 4
[    7.072314] md: raid10 personality registered for level 10
done.
Begin: Running /scripts/init-premount ... done.
Begin: Mounting root file system ... Begin: Running /scripts/local-top ... done.
Begin: Running /scripts/local-premount ... [    7.198890] Btrfs loaded
Scanning for Btrfs filesystems
done.
Warning: fsck not present, so skipping root file system
[    7.264954] EXT4-fs (sda1): mounted filesystem with ordered data mode. Opts: (null)
done.
Begin: Running /scripts/local-bottom ... done.
Begin: Running /scripts/init-bottom ... done.
[    7.460505] systemd[1]: systemd 229 running in system mode. (+PAM +AUDIT +SELINUX +IMA +APPARMOR +SMACK +SYSVINIT +UTMP +LIBCRYPTSETUP +GCRYPT +GNUTLS +ACL +XZ -LZ4 +SECCOMP +BLKID +ELFUTILS +KMOD -IDN)
[    7.504612] systemd[1]: Detected virtualization oracle.
[    7.512296] systemd[1]: Detected architecture x86-64.

Welcome to [1mUbuntu 16.04.5 LTS[0m!

[    7.527916] systemd[1]: Set hostname to <ubuntu>.
[    7.539069] systemd[1]: Initializing machine ID from random generator.
[    7.541289] systemd[1]: Installed transient /etc/machine-id file.
[    7.827316] systemd[1]: Set up automount Arbitrary Executable File Formats File System Automount Point.
[[0;32m  OK  [0m] Set up automount Arbitrary Executab...ats File System Automount Point.
[    7.883643] systemd[1]: Reached target User and Group Name Lookups.
[[0;32m  OK  [0m] Reached target User and Group Name Lookups.
[    8.016249] systemd[1]: Created slice System Slice.
[[0;32m  OK  [0m] Created slice System Slice.
[    8.066018] systemd[1]: Listening on LVM2 metadata daemon socket.
[[0;32m  OK  [0m] Listening on LVM2 metadata daemon socket.
[    8.123198] systemd[1]: Listening on udev Kernel Socket.
[[0;32m  OK  [0m] Listening on udev Kernel Socket.
[    8.179566] systemd[1]: Listening on udev Control Socket.
[[0;32m  OK  [0m] Listening on udev Control Socket.
[    8.210645] systemd[1]: Reached target System Time Synchronized.
[[0;32m  OK  [0m] Reached target System Time Synchronized.
[    8.222979] systemd[1]: Reached target Encrypted Volumes.
[[0;32m  OK  [0m] Reached target Encrypted Volumes.
[    8.235971] systemd[1]: Created slice system-serial\x2dgetty.slice.
[[0;32m  OK  [0m] Created slice system-serial\x2dgetty.slice.
[    8.244740] systemd[1]: Listening on /dev/initctl Compatibility Named Pipe.
[[0;32m  OK  [0m] Listening on /dev/initctl Compatibility Named Pipe.
[    8.253612] systemd[1]: Listening on LVM2 poll daemon socket.
[[0;32m  OK  [0m] Listening on LVM2 poll daemon socket.
[    8.261394] systemd[1]: Listening on Device-mapper event daemon FIFOs.
[[0;32m  OK  [0m] Listening on Device-mapper event daemon FIFOs.
[    8.268944] systemd[1]: Reached target Swap.
[[0;32m  OK  [0m] Reached target Swap.
[    8.273710] systemd[1]: Created slice User and Session Slice.
[[0;32m  OK  [0m] Created slice User and Session Slice.
[    8.278898] systemd[1]: Reached target Slices.
[[0;32m  OK  [0m] Reached target Slices.
[    8.282748] systemd[1]: Listening on Journal Socket (/dev/log).
[[0;32m  OK  [0m] Listening on Journal Socket (/dev/log).
[    8.288140] systemd[1]: Started Trigger resolvconf update for networkd DNS.
[[0;32m  OK  [0m] Started Trigger resolvconf update for networkd DNS.
[    8.293906] systemd[1]: Listening on Syslog Socket.
[[0;32m  OK  [0m] Listening on Syslog Socket.
[    8.312671] systemd[1]: Listening on Journal Socket.
[[0;32m  OK  [0m] Listening on Journal Socket.
[    8.330664] systemd[1]: Starting Uncomplicated firewall...
         Starting Uncomplicated firewall...
[    8.336429] systemd[1]: Starting Set console keymap...
         Starting Set console keymap...
[    8.351613] systemd[1]: Starting Monitoring of LVM2 mirrors, snapshots etc. using dmeventd or progress polling...
         Starting Monitoring of LVM2 mirrors... dmeventd or progress polling...
[    8.423747] systemd[1]: Starting Load Kernel Modules...
         Starting Load Kernel Modules...
[    8.428153] systemd[1]: Mounting POSIX Message Queue File System...
         Mounting POSIX Message Queue File System...
[    8.441555] systemd[1]: Starting Nameserver information manager...
         Starting Nameserver information manager...
[    8.446002] Loading iSCSI transport class v2.0-870.
[    8.446051] systemd[1]: Mounting Debug File System...
         Mounting Debug File System...
[    8.456810] systemd[1]: Mounting Huge Pages File System...
         Mounting Huge Pages File System...
[    8.461672] systemd[1]: Starting Create list of required static device nodes for the current kernel...
         Starting Create list of required st... nodes for the current kernel...
[    8.480530] systemd[1]: Starting Remount Root and Kernel File Systems...
[    8.489294] random: nonblocking pool is initialized
         Starting Remount Root and Kernel File Systems...
[    8.492657] systemd[1]: Listening on Journal Audit Socket.
[    8.495681] EXT4-fs (sda1): re-mounted. Opts: (null)
[[0;32m  OK  [0m] [    8.497529] iscsi: registered transport (tcp)
Listening on Journal Audit Socket.
[    8.509540] systemd[1]: Starting Journal Service...
         Starting Journal Service...
[    8.513223] systemd[1]: Started Forward Password Requests to Wall Directory Watch.
[[0;32m  OK  [0m] Started Forward Password Requests to Wall Directory Watch.
[    8.531700] systemd[1]: Mounted Huge Pages File System.
[[0;32m  OK  [0m] Mounted Huge Pages File System.
[    8.556133] systemd[1]: Mounted POSIX Message Queue File System.
[[0;32m  OK  [0[    8.579708] iscsi: registered transport (iser)
m] Mounted POSIX Message Queue File System.
[    8.581742] systemd[1]: Mounted Debug File System.
[[0;32m  OK  [0m] Mounted Debug File System.
[    8.599322] systemd[1]: Started Journal Service.
[[0;32m  OK  [0m] Started Journal Service.
[[0;32m  OK  [0m] Started Uncomplicated firewall.
[[0;32m  OK  [0m] Started Set console keymap.
[[0;32m  OK  [0m] Started Load Kernel Modules.
[[0;32m  OK  [0m] Started Create list of required sta...ce nodes for the current kernel.
[[0;32m  OK  [0m] Started Remount Root and Kernel File Systems.
[[0;32m  OK  [0m] Started Nameserver information manager.
[[0;32m  OK  [0m] Started LVM2 metadata daemon.
         Starting Load/Save Random Seed...
         Starting udev Coldplug all Devices...
         Starting Create Static Device Nodes in /dev...
         Mounting FUSE Control File System...
         Starting Apply Kernel Variables...
         Starting Flush Journal to Persistent Storage...
[[0;32m  OK  [0m] Mounted FUSE Control File System.
[[0;32m  OK  [0m] Started Load/Save Random Seed.
[[0;32m  OK  [0m] Started Create Static Device Nodes in /dev.
[[0;32m  OK  [0m] Started Apply Kernel Variables.
[[0;32m  OK  [0m] Started udev Coldplug all Devices.
[[0;32m  OK  [0m] Started Monitoring of LVM2 mirrors,...ng dmeventd or progress polling.
[[0;32m  OK  [0m] Started Flush Journal to Persistent Storage.
         Starting udev Kernel Device Manager...
[[0;32m  OK  [0m] Reached target Local File Systems (Pre).
[[0;32m  OK  [0m] Reached target Local File Systems.
         Starting Tell Plymouth To Write Out Runtime Data...
         Starting Commit a transient machine-id on disk...
         Starting Set console font and keymap...
         Starting LSB: AppArmor initialization...
         Starting Initial cloud-init job (pre-networking)...
         Starting Create Volatile Files and Directories...
[[0;32m  OK  [0m] Started Tell Plymouth To Write Out Runtime Data.
[[0;32m  OK  [0m] Started Commit a transient machine-id on disk.
[[0;32m  OK  [0m] Started udev Kernel Device Manager.
[[0;32m  OK  [0m] Started Dispatch Password Requests to Console Directory Watch.
[[0;32m  OK  [0m] Started Create Volatile Files and Directories.
         Starting Update UTMP about System Boot/Shutdown...
[[0;32m  OK  [0m] Started Update UTMP about System Boot/Shutdown.
[[0;32m  OK  [0m] Found device /dev/ttyS0.
[[0;32m  OK  [0m] Listening on Load/Save RF Kill Switch Status /dev/rfkill Watch.
[[0;32m  OK  [0m] Started Set console font and keymap.
[[0;32m  OK  [0m] Created slice system-getty.slice.
[   10.733155] cloud-init[474]: Cloud-init v. 18.4-0ubuntu1~16.04.2 running 'init-local' at Fri, 04 Jan 2019 11:43:19 +0000. Up 9.97 seconds.
[[0;32m  OK  [0m] Started Initial cloud-init job (pre-networking).
[[0;32m  OK  [0m] Reached target Network (Pre).
[[0;32m  OK  [0m] Started LSB: AppArmor initialization.
         Starting Raise network interfaces...
[[0;32m  OK  [0m] Started Raise network interfaces.
         Starting Initial cloud-init job (metadata service crawler)...
[[0;32m  OK  [0m] Reached target Network.
[   12.797571] cloud-init[925]: Cloud-init v. 18.4-0ubuntu1~16.04.2 running 'init' at Fri, 04 Jan 2019 11:43:21 +0000. Up 11.97 seconds.
[   12.885931] cloud-init[925]: ci-info: ++++++++++++++++++++++++++++++++++++++Net device info++++++++++++++++++++++++++++++++++++++
[   12.902132] cloud-init[925]: ci-info: +--------+-------+---------------------------+---------------+--------+-------------------+
[   12.915078] cloud-init[925]: ci-info: | Device |   Up  |          Address          |      Mask     | Scope  |     Hw-Address    |
[   12.953096] cloud-init[925]: ci-info: +--------+-------+---------------------------+---------------+--------+-------------------+
[   12.954401] cloud-init[925]: ci-info: | enp0s3 |  True |         10.0.2.15         | 255.255.255.0 | global | 02:98:04:f8:6e:63 |
[   12.955107] cloud-init[925]: ci-info: | enp0s3 |  True | fe80::98:4ff:fef8:6e63/64 |       .       |  link  | 02:98:04:f8:6e:63 |
[   12.955888] cloud-init[925]: ci-info: | enp0s8 | False |             .             |       .       |   .    | 08:00:27:7b:42:8e |
[   12.957416] cloud-init[925]: ci-info: |   lo   |  True |         127.0.0.1         |   255.0.0.0   |  host  |         .         |
[   12.958128] cloud-init[925]: ci-info: |   lo   |  True |          ::1/128          |       .       |  host  |         .         |
[   12.958785] cloud-init[925]: ci-info: +--------+-------+---------------------------+---------------+--------+-------------------+
[   12.960389] cloud-init[925]: ci-info: +++++++++++++++++++++++++++Route IPv4 info++++++++++++++++++++++++++++
[   12.961036] cloud-init[925]: ci-info: +-------+-------------+----------+---------------+-----------+-------+
[   12.961659] cloud-init[925]: ci-info: | Route | Destination | Gateway  |    Genmask    | Interface | Flags |
[   12.962468] cloud-init[925]: ci-info: +-------+-------------+----------+---------------+-----------+-------+
[   12.963346] cloud-init[925]: ci-info: |   0   |   0.0.0.0   | 10.0.2.2 |    0.0.0.0    |   enp0s3  |   UG  |
[   12.964296] cloud-init[925]: ci-info: |   1   |   10.0.2.0  | 0.0.0.0  | 255.255.255.0 |   enp0s3  |   U   |
[   12.965114] cloud-init[925]: ci-info: +-------+-------------+----------+---------------+-----------+-------+
[   12.965802] cloud-init[925]: ci-info: +++++++++++++++++++Route IPv6 info+++++++++++++++++++
[   12.966558] cloud-init[925]: ci-info: +-------+-------------+---------+-----------+-------+
[   12.968179] cloud-init[925]: ci-info: | Route | Destination | Gateway | Interface | Flags |
[[0;32m  OK  [0m] Started Initial cloud-init job (metadata service crawler).
[   12.968588] cloud-init[925]: ci-info: +-------+-------------+---------+-----------+-------+
[   13.071637] cloud-init[925]: ci-info: |   0   |  fe80::/64  |    ::   |   enp0s3  |   U   |
[   13.102194] cloud-init[925]: ci-info: |   3   |   ff00::/8  |    ::   |   enp0s3  |   U   |
[   13.102627] cloud-init[925]: ci-info: +-------+-------------+---------+-----------+-------+
[   13.103300] cloud-init[925]: Generating public/private rsa key pair.
[   13.103950] cloud-init[925]: Your identification has been saved in /etc/ssh/ssh_host_rsa_key.
[   13.104605] cloud-init[925]: Your public key has been saved in /etc/ssh/ssh_host_rsa_key.pub.
[   13.104859] cloud-init[925]: The key fingerprint is:
[   13.105156] cloud-init[925]: SHA256:5C0sEQnTiL8qlXg1wP3Xv4CCtdsag3kGKF9UpJLI0QY root@ubuntu-xenial
[   13.105496] cloud-init[925]: The key's randomart image is:
[   13.105749] cloud-init[925]: +---[RSA 2048]----+
[   13.106029] cloud-init[925]: | Eooo=+.         |
[   13.106354] cloud-init[925]: |..=+o+o.         |
[   13.106622] cloud-init[925]: |..+oo.. ..       |
[   13.106892] cloud-init[925]: |   ++ o=...      |
[   13.107215] cloud-init[925]: |...oo=.oS...     |
[   13.107884] cloud-init[925]: |.o+.o+o.... .    |
[[0;32m  OK  [0m] Reached target System Initialization.
[   13.108239] cloud-init[925]: | o..o =+   . .   |
[   13.131263] cloud-init[925]: |. .  o.o.   .    |
[   13.131735] cloud-init[925]: | .    ..         |
[   13.132461] cloud-init[925]: +----[SHA256]-----+
[   13.132737] cloud-init[925]: Generating public/private dsa key pair.
[   13.132990] cloud-init[925]: Your identification has been saved in /etc/ssh/ssh_host_dsa_key.
[   13.133271] cloud-init[925]: Your public key has been saved in /etc/ssh/ssh_host_dsa_key.pub.
[   13.133550] cloud-init[925]: The key fingerprint is:
[   13.134168] cloud-init[925]: SHA256:5t65Jdq3xC6jy089fRecedkMaEetwc2qurp6av6/mHo root@ubuntu-xenial
[   13.134440] cloud-init[925]: The key's randomart image is:
[   13.135054] cloud-init[925]: +---[DSA 1024]----+
[   13.135310] cloud-init[925]: |             ..+ |
[   13.135603] cloud-init[925]: |             oo +|
[   13.135853] cloud-init[925]: |            o o+ |
[   13.136420] cloud-init[925]: |           . .+o=|
[   13.136755] cloud-init[925]: |        S    . *+|
[   13.137020] cloud-init[925]: |       o   o..  o|
[   13.137305] cloud-init[925]: |        . o.* . o|
[   13.137950] cloud-init[925]: |      .oEB+*.. ..|
[   13.138201] cloud-init[925]: |     o=B%BXBo.   |
[   13.138507] cloud-init[925]: +----[SHA256]-----+
[   13.138837] cloud-init[925]: Generating public/private ecdsa key pair.
[   13.139113] cloud-init[925]: Your identification has been saved in /etc/ssh/ssh_host_ecdsa_key.
[   13.139426] cloud-init[925]: Your public key has been saved in /etc/ssh/ssh_host_ecdsa_key.pub.
[   13.140101] cloud-init[925]: The key fingerprint is:
[   13.140303] cloud-init[925]: SHA256:z0eidgcBVBskCFusgemgO4xXb84K89wdpGIiBhKhrZo root@ubuntu-xenial
[   13.140859] cloud-init[925]: The key's randomart image is:
[   13.141147] cloud-init[925]: +---[ECDSA 256]---+
[   13.141770] cloud-init[925]: |.  o.o.o+o+      |
[   13.142047] cloud-init[925]: |ooo .oo  o o     |
[   13.142400] cloud-init[925]: |+o. .o    o      |
[   13.142763] cloud-init[925]: |.o. o      .     |
[   13.143000] cloud-init[925]: |*. . .  S o .    |
[   13.143250] cloud-init[925]: |Bo.   oo + +     |
[   13.143735] cloud-init[925]: |E++ o+. + + o    |
[   13.143953] cloud-init[925]: |.. B ooo o o     |
[   13.144419] cloud-init[925]: |    +.. .        |
[   13.144640] cloud-init[925]: +----[SHA256]-----+
[   13.144857] cloud-init[925]: Generating public/private ed25519 key pair.
[   13.145080] cloud-init[925]: Your identification has been saved in /etc/ssh/ssh_host_ed25519_key.
[   13.145348] cloud-init[925]: Your public key has been saved in /etc/ssh/ssh_host_ed25519_key.pub.
[   13.146577] cloud-init[925]: The key fingerprint is:
[   13.146782] cloud-init[925]: SHA256:fhY4nWUNRBATZVTVvNsrRPQ6DrvctH3g1lA4BEb/rLY root@ubuntu-xenial
[   13.147025] cloud-init[925]: The key's randomart image is:
[   13.147285] cloud-init[925]: +--[ED25519 256]--+
[   13.147451] cloud-init[925]: |          =X@o.oo|
[[0;32m  OK  [0m] Started ACPI Events Check.
[   13.147486] cloud-init[925]: |           + =. o|
[   13.874481] cloud-init[925]: |            +.+..|
[   13.875238] cloud-init[925]: |         o + .o=.|
[   13.876014] cloud-init[925]: |        S + . .o=|
[   13.877809] cloud-init[925]: |       . . o +oo.|
[   13.878428] cloud-init[925]: |        . o =o++.|
[   13.880312] cloud-init[925]: |         o..o+=oo|
[   13.881219] cloud-init[925]: |           o.+E..|
[   13.881982] cloud-init[925]: +----[SHA256]-----+
[[0;32m  OK  [0m] Reached target Paths.
[[0;32m  OK  [0m] Started Daily apt download activities.
[[0;32m  OK  [0m] Listening on ACPID Listen Socket.
[[0;32m  OK  [0m] Listening on D-Bus System Message Bus Socket.
[[0;32m  OK  [0m] Started Daily Cleanup of Temporary Directories.
[[0;32m  OK  [0m] Listening on UUID daemon activation socket.
[[0;32m  OK  [0m] Started Daily apt upgrade and clean activities.
[[0;32m  OK  [0m] Reached target Timers.
         Starting LXD - unix socket.
         Starting Socket activation for snappy daemon.
[[0;32m  OK  [0m] Reached target Network is Online.
         Starting iSCSI initiator daemon (iscsid)...
[[0;32m  OK  [0m] Reached target Cloud-config availability.
[[0;32m  OK  [0m] Listening on LXD - unix socket.
[[0;32m  OK  [0m] Listening on Socket activation for snappy daemon.
[[0;32m  OK  [0m] Started iSCSI initiator daemon (iscsid).
         Starting Login to default iSCSI targets...
[[0;32m  OK  [0m] Reached target Sockets.
[[0;32m  OK  [0m] Reached target Basic System.
         Starting /etc/rc.local Compatibility...
         Starting Pollinate to seed the pseudo random number generator...
[[0;32m  OK  [0m] Started Deferred execution scheduler.
         Starting Login Service...
         Starting LSB: Record successful boot for GRUB...
         Starting LXD - container startup/shutdown...
[[0;32m  OK  [0m] Started Regular background program processing daemon.
[[0;32m  OK  [0m] Started D-Bus System Message Bus.
         Starting Virtualbox guest utils...
         Starting Accounts Service...
[[0;32m  OK  [0m] Started ACPI event daemon.
         Starting System Logging Service...
         Starting Snappy daemon...
         Starting LSB: MD monitoring daemon...
[[0;32m  OK  [0m] Started FUSE filesystem for LXC.
[[0;32m  OK  [0m] Started Unattended Upgrades Shutdown.
[[0;32m  OK  [0m] Started /etc/rc.local Compatibility.
[[0;32m  OK  [0m] Started System Logging Service.
[[0;32m  OK  [0m] Started LXD - container startup/shutdown.
[[0;32m  OK  [0m] Started Login to default iSCSI targets.
[[0;32m  OK  [0m] Started Pollinate to seed the pseudo random number generator.
[[0;32m  OK  [0m] Started Snappy daemon.
[[0;32m  OK  [0m] Started LSB: Record successful boot for GRUB.
[[0;32m  OK  [0m] Started LSB: MD monitoring daemon.
[[0;32m  OK  [0m] Started Login Service.
         Starting Authenticate and Authorize Users to Run Privileged Tasks...
         Starting Wait until snapd is fully seeded...
         Starting OpenBSD Secure Shell server...
[[0;32m  OK  [0m] Reached target Remote File Systems (Pre).
[[0;32m  OK  [0m] Reached target Remote File Systems.
         Starting LSB: daemon to balance interrupts for SMP systems...
         Starting LSB: Set the CPU Frequency Scaling governor to "ondemand"...
         Starting Permit User Sessions...
         Starting LSB: automatic crash report generation...
[[0;32m  OK  [0m] Started Virtualbox guest utils.
[[0;32m  OK  [0m] Started Permit User Sessions.
[[0;32m  OK  [0m] Started Authenticate and Authorize Users to Run Privileged Tasks.
[[0;32m  OK  [0m] Started Accounts Service.
[[0;32m  OK  [0m] Started OpenBSD Secure Shell server.
         Starting Terminate Plymouth Boot Screen...
         Starting Hold until boot process finishes up...
[[0;32m  OK  [0m] Started LSB: daemon to balance interrupts for SMP systems.
[[0;32m  OK  [0m] Started LSB: Set the CPU Frequency Scaling governor to "ondemand".
[[0;32m  OK  [0m] Started LSB: automatic crash report generation.
[[0;32m  OK  [0m] Started Terminate Plymouth Boot Screen.
[[0;32m  OK  [0m] Started Hold until boot process finishes up.
[[0;32m  OK  [0m] Started Getty on tty1.
         Starting Set console scheme...
[[0;32m  OK  [0m] Started Serial Getty on ttyS0.
[[0;32m  OK  [0m] Reached target Login Prompts.
[[0;32m  OK  [0m] Started Set console scheme.
[[0;32m  OK  [0m] Started Wait until snapd is fully seeded.
         Starting Apply the settings specified in cloud-config...
[[0;32m  OK  [0m] Reached target Multi-User System.
[[0;32m  OK  [0m] Reached target Graphical Interface.
         Starting Update UTMP about System Runlevel Changes...
[[0;32m  OK  [0m] Started Update UTMP about System Runlevel Changes.
[   18.277832] cloud-init[1253]: Generating locales (this might take a while)...
[[0;32m  OK  [0m] Created slice User Slice of vagrant.
         Starting User Manager for UID 1000...
[[0;32m  OK  [0m] Started Session 1 of user vagrant.
[[0;32m  OK  [0m] Started User Manager for UID 1000.
[   19.836857] cloud-init[1253]:   en_US.UTF-8... done
[   19.839386] cloud-init[1253]: Generation complete.
[   20.400691] cloud-init[1253]: Cloud-init v. 18.4-0ubuntu1~16.04.2 running 'modules:config' at Fri, 04 Jan 2019 11:43:27 +0000. Up 18.00 seconds.
ci-info: no authorized ssh keys fingerprints found for user ubuntu.
<14>Jan  4 11:43:30 ec2: 
<14>Jan  4 11:43:30 ec2: #############################################################
<14>Jan  4 11:43:30 ec2: -----BEGIN SSH HOST KEY FINGERPRINTS-----
<14>Jan  4 11:43:30 ec2: 1024 SHA256:5t65Jdq3xC6jy089fRecedkMaEetwc2qurp6av6/mHo root@ubuntu-xenial (DSA)
<14>Jan  4 11:43:30 ec2: 256 SHA256:z0eidgcBVBskCFusgemgO4xXb84K89wdpGIiBhKhrZo root@ubuntu-xenial (ECDSA)
<14>Jan  4 11:43:30 ec2: 256 SHA256:fhY4nWUNRBATZVTVvNsrRPQ6DrvctH3g1lA4BEb/rLY root@ubuntu-xenial (ED25519)
<14>Jan  4 11:43:30 ec2: 2048 SHA256:5C0sEQnTiL8qlXg1wP3Xv4CCtdsag3kGKF9UpJLI0QY root@ubuntu-xenial (RSA)
<14>Jan  4 11:43:30 ec2: -----END SSH HOST KEY FINGERPRINTS-----
<14>Jan  4 11:43:30 ec2: #############################################################
-----BEGIN SSH HOST KEY KEYS-----
ecdsa-sha2-nistp256 AAAAE2VjZHNhLXNoYTItbmlzdHAyNTYAAAAIbmlzdHAyNTYAAABBBLn45yFiMaq0VqaF61MIqor4fMUocTjclOUniAo172415sbFzXZVPvKvDDmjxt39iWWuqly5nsiAoHUwpdQXBTM= root@ubuntu-xenial
ssh-ed25519 AAAAC3NzaC1lZDI1NTE5AAAAIIUoCKKwQUuUfA+gvLsdVG4Q/n3xbLuU2kjo1H/ycpB3 root@ubuntu-xenial
ssh-rsa AAAAB3NzaC1yc2EAAAADAQABAAABAQC6QSC8XyOaQaMe5bimSsB7q510Y8kayBXIyYtEgTxlqhCLi0ws/qtZQaENvN5aahOaaAfCiAWUD7Kx2yXnmRthtSP//fAMniyZDN27wCmuXyRJohpxgNlOQ3XEK1+4GPHp07eLo2CNBi9nTZd938hTG693hOW9C4O0pEU1aTJ59MsTg9U5ogj1/mENWdgpvKTn92Bq9pkI4P2FycrHslC8CTtAYDUb0/aoidDraXw9A0a3FbDLwph4VLtu3+L0REt1iRYedUBpqZoLUGtRYbGUwC+XEthld2baXDyHmkpu3NtffDs+Eh5EsagyrLwgqjdqf9NmginNjsgpqejrAEFN root@ubuntu-xenial
-----END SSH HOST KEY KEYS-----
[   21.091221] cloud-init[1432]: Cloud-init v. 18.4-0ubuntu1~16.04.2 running 'modules:final' at Fri, 04 Jan 2019 11:43:30 +0000. Up 20.90 seconds.
[   21.091772] cloud-init[1432]: ci-info: no authorized ssh keys fingerprints found for user ubuntu.
[   21.092466] cloud-init[1432]: Cloud-init v. 18.4-0ubuntu1~16.04.2 finished at Fri, 04 Jan 2019 11:43:30 +0000. Datasource DataSourceNoCloud [seed=/dev/sdb][dsmode=net].  Up 21.07 seconds

Ubuntu 16.04.5 LTS ubuntu-xenial ttyS0

ubuntu-xenial login: 